// Jest Snapshot v1, https://goo.gl/fbAQLP

exports[`<Grid /> matches snapshot 1`] = `
<div
  className="container"
>
  <div
    className="row"
  >
    <div
      className="col"
    >
      <Search
        searchHandler={[Function]}
        searchParam="search"
      />
    </div>
  </div>
  <div
    className="row"
  >
    <div
      className="col"
    >
      <Table
        columns={
          Array [
            Object {
              "columnField": "name",
              "columnHeader": "Name",
            },
            Object {
              "columnField": "lastname",
              "columnHeader": "Lastname",
            },
          ]
        }
        data={
          Array [
            Object {
              "lastname": "something",
              "name": "test",
            },
            Object {
              "lastname": "something",
              "name": "test",
            },
          ]
        }
        isLoading={false}
      />
    </div>
  </div>
  <div
    className="row"
  >
    <div
      className="col align-self-center"
    >
      <Pagination
        count={2}
        currentPage={1}
        paginationHandler={[Function]}
        paginationParam="page"
        size={2}
      />
    </div>
  </div>
</div>
`;

exports[`<Index /> matches snapshot 1`] = `
<div
  className="container"
>
  <div
    className="row"
  >
    <div
      className="col"
    >
      <Search
        searchHandler={[Function]}
        searchParam="search"
      />
    </div>
  </div>
  <div
    className="row"
  >
    <div
      className="col"
    >
      <Table
        columns={
          Array [
            Object {
              "columnField": "name",
              "columnHeader": "Name",
            },
            Object {
              "columnField": "lastname",
              "columnHeader": "Lastname",
            },
          ]
        }
        data={
          Array [
            Object {
              "lastname": "something",
              "name": "test",
            },
            Object {
              "lastname": "something",
              "name": "test",
            },
          ]
        }
        isLoading={false}
      />
    </div>
  </div>
  <div
    className="row"
  >
    <div
      className="col align-self-center"
    >
      <Pagination
        count={2}
        currentPage={1}
        paginationHandler={[Function]}
        paginationParam="page"
        size={2}
      />
    </div>
  </div>
</div>
`;
